\BOOKMARK [1][-]{section.1}{\376\377\137\025\212\000}{}% 1
\BOOKMARK [1][-]{section.2}{\376\377\166\370\121\163\135\345\117\134}{}% 2
\BOOKMARK [1][-]{section.3}{\376\377\213\355\212\000\213\276\213\241}{}% 3
\BOOKMARK [2][-]{subsection.3.1}{\376\377\151\202\211\310\116\016\213\355\154\325}{section.3}% 4
\BOOKMARK [2][-]{subsection.3.2}{\376\377\123\330\221\317\060\001\121\375\145\160\116\016\143\247\122\066\155\101}{section.3}% 5
\BOOKMARK [2][-]{subsection.3.3}{\376\377\227\142\124\021\133\371\214\141\116\016\000\040\000T\000r\000a\000i\000t}{section.3}% 6
\BOOKMARK [2][-]{subsection.3.4}{\376\377\152\041\137\017\123\071\221\115\116\016\225\031\213\357\131\004\164\006}{section.3}% 7
\BOOKMARK [2][-]{subsection.3.5}{\376\377\154\333\127\213}{section.3}% 8
\BOOKMARK [2][-]{subsection.3.6}{\376\377\152\041\127\127\116\016\123\005}{section.3}% 9
\BOOKMARK [1][-]{section.4}{\376\377\174\373\176\337\147\266\147\204\116\016\133\236\163\260}{}% 10
\BOOKMARK [2][-]{subsection.4.1}{\376\377\140\073\117\123\155\101\154\064\176\277}{section.4}% 11
\BOOKMARK [2][-]{subsection.4.2}{\376\377\213\315\154\325\116\016\213\355\154\325\122\006\147\220}{section.4}% 12
\BOOKMARK [2][-]{subsection.4.3}{\376\377\133\127\202\202\170\001\116\016\177\026\213\321\126\150}{section.4}% 13
\BOOKMARK [2][-]{subsection.4.4}{\376\377\206\132\142\337\147\072}{section.4}% 14
\BOOKMARK [2][-]{subsection.4.5}{\376\377\121\205\133\130\173\241\164\006}{section.4}% 15
\BOOKMARK [2][-]{subsection.4.6}{\376\377\140\047\200\375\117\030\123\026}{section.4}% 16
\BOOKMARK [2][-]{subsection.4.7}{\376\377\215\350\136\163\123\360\116\016\135\114\121\145}{section.4}% 17
\BOOKMARK [2][-]{subsection.4.8}{\376\377\135\345\121\167\224\376}{section.4}% 18
\BOOKMARK [1][-]{section.5}{\376\377\133\236\232\214\116\016\213\304\117\060}{}% 19
\BOOKMARK [2][-]{subsection.5.1}{\376\377\133\236\232\214\163\257\130\203}{section.5}% 20
\BOOKMARK [2][-]{subsection.5.2}{\376\377\153\143\170\156\140\047\155\113\213\325}{section.5}% 21
\BOOKMARK [2][-]{subsection.5.3}{\376\377\140\047\200\375\176\323\147\234}{section.5}% 22
\BOOKMARK [2][-]{subsection.5.4}{\376\377\116\247\162\151\117\123\171\357}{section.5}% 23
\BOOKMARK [1][-]{section.6}{\376\377\213\250\213\272\116\016\134\100\226\120}{}% 24
\BOOKMARK [1][-]{section.7}{\376\377\176\323\213\272}{}% 25
